---
NAME_FIRST: Alice
NAME_MIDDLE: Anne
NAME_LAST: Akins
EMAIL_ADDRESS: aa@a.com
COMPANY_NAME: Acme
ADDRESS_HOME_LINE1: 1 Main Street
ADDRESS_HOME_LINE2: Apt 1
ADDRESS_HOME_CITY: San Francisco
ADDRESS_HOME_STATE: CA
ADDRESS_HOME_ZIP: 94102
ADDRESS_HOME_COUNTRY: US
PHONE_HOME_WHOLE_NUMBER: 1 650-210-1111
---
NAME_FIRST: Billy
NAME_MIDDLE: Bob
NAME_LAST: Bruner
EMAIL_ADDRESS: bb@b.com
COMPANY_NAME: Acme
ADDRESS_HOME_LINE1: 1 MAIN STREET
ADDRESS_HOME_LINE2: Apt 1
ADDRESS_HOME_CITY: SAN FRANCISCO
ADDRESS_HOME_STATE: CA
ADDRESS_HOME_ZIP: 94102
ADDRESS_HOME_COUNTRY: US
PHONE_HOME_WHOLE_NUMBER: (650) 234-3333
